// Jest Snapshot v1, https://goo.gl/fbAQLP

exports[`<HomeElement/> should render properly 1`] = `
<div>
  <toastelement-stub translated-text="some fucking notification"></toastelement-stub>
  <div class="title-wrapper">
    <titleelement-stub tag="h1" translatedtext="" translationpath="general.appTitle"></titleelement-stub>
  </div>
  <div class="links-wrapper">
    <link-stub to="[object Object]" translatedtext="" translationpath="general.signIn"></link-stub>
    <link-stub to="[object Object]" translatedtext="" translationpath="general.signUp"></link-stub>
  </div>
  <routerview-stub name="default"></routerview-stub>
</div>
`;
